10-10 19:27:36.837   525  2066 V SplashScreenExceptionList: SplashScreen checking exception for package com.alharith.ai (target sdk:35) -> false
10-10 19:27:50.788   525   925 W WindowManager: Exception thrown during dispatchAppVisibility Window{e330ff7 u0 com.alharith.ai/com.alharith.ai.ui.MainActivity EXITING}
10-10 19:27:51.696   525   539 V SplashScreenExceptionList: SplashScreen checking exception for package com.alharith.ai (target sdk:35) -> false
10-10 19:28:01.346   525   539 W WindowManager: Exception thrown during dispatchAppVisibility Window{14c1683 u0 com.alharith.ai/com.alharith.ai.ui.MainActivity EXITING}
10-10 19:28:02.647   525   883 V SplashScreenExceptionList: SplashScreen checking exception for package com.alharith.ai (target sdk:35) -> false
10-10 19:28:20.831   525  2116 W WindowManager: Exception thrown during dispatchAppVisibility Window{2e01483 u0 com.alharith.ai/com.alharith.ai.ui.MainActivity EXITING}
10-10 19:28:21.849   525  2116 V SplashScreenExceptionList: SplashScreen checking exception for package com.alharith.ai (target sdk:35) -> false
10-10 19:28:29.152   525   538 W WindowManager: Exception thrown during dispatchAppVisibility Window{bda64df u0 com.alharith.ai/com.alharith.ai.ui.MainActivity EXITING}
10-10 19:28:30.151   525  2114 V SplashScreenExceptionList: SplashScreen checking exception for package com.alharith.ai (target sdk:35) -> false
10-10 19:28:53.696   525  2122 W WindowManager: Exception thrown during dispatchAppVisibility Window{2c6fb83 u0 com.alharith.ai/com.alharith.ai.ui.MainActivity EXITING}
10-10 19:28:54.728   525  2123 V SplashScreenExceptionList: SplashScreen checking exception for package com.alharith.ai (target sdk:35) -> false
10-10 19:29:20.548   525   883 W WindowManager: Exception thrown during dispatchAppVisibility Window{bc5b3e2 u0 com.alharith.ai/com.alharith.ai.ui.MainActivity EXITING}
10-10 19:29:21.408   525  1687 V SplashScreenExceptionList: SplashScreen checking exception for package com.alharith.ai (target sdk:35) -> false
10-10 19:29:35.878   525   538 W WindowManager: Exception thrown during dispatchAppVisibility Window{c7a3f17 u0 com.alharith.ai/com.alharith.ai.ui.MainActivity EXITING}
10-10 19:29:36.863   525  2119 V SplashScreenExceptionList: SplashScreen checking exception for package com.alharith.ai (target sdk:35) -> false
10-10 19:29:45.832   525   602 W WindowManager: Exception thrown during dispatchAppVisibility Window{626b19b u0 com.alharith.ai/com.alharith.ai.ui.MainActivity EXITING}
10-10 19:29:46.793   525  2111 V SplashScreenExceptionList: SplashScreen checking exception for package com.alharith.ai (target sdk:35) -> false
10-10 19:29:55.888   525  2509 W WindowManager: Exception thrown during dispatchAppVisibility Window{d8e9ccf u0 com.alharith.ai/com.alharith.ai.ui.MainActivity EXITING}
10-10 19:29:56.735   525  2509 V SplashScreenExceptionList: SplashScreen checking exception for package com.alharith.ai (target sdk:35) -> false
10-10 19:30:05.963   525  1805 W WindowManager: Exception thrown during dispatchAppVisibility Window{a5ef6f0 u0 com.alharith.ai/com.alharith.ai.ui.MainActivity EXITING}
10-10 19:30:06.966   525  2111 V SplashScreenExceptionList: SplashScreen checking exception for package com.alharith.ai (target sdk:35) -> false
10-10 19:30:19.110   525   926 W WindowManager: Exception thrown during dispatchAppVisibility Window{d6fda7e u0 com.alharith.ai/com.alharith.ai.ui.MainActivity EXITING}
10-10 19:30:20.058   525  1805 V SplashScreenExceptionList: SplashScreen checking exception for package com.alharith.ai (target sdk:35) -> false
10-10 19:30:42.598   525   925 W WindowManager: Exception thrown during dispatchAppVisibility Window{ab1af20 u0 com.alharith.ai/com.alharith.ai.ui.MainActivity EXITING}
10-10 19:30:43.557   525   925 V SplashScreenExceptionList: SplashScreen checking exception for package com.alharith.ai (target sdk:35) -> false
10-10 19:30:51.948   525   915 W WindowManager: Exception thrown during dispatchAppVisibility Window{828cce u0 com.alharith.ai/com.alharith.ai.ui.MainActivity EXITING}
10-10 19:30:52.915   525   915 V SplashScreenExceptionList: SplashScreen checking exception for package com.alharith.ai (target sdk:35) -> false
10-10 19:31:06.995   525   539 W WindowManager: Exception thrown during dispatchAppVisibility Window{4bd0802 u0 com.alharith.ai/com.alharith.ai.ui.MainActivity EXITING}
10-10 19:31:07.932   525  2119 V SplashScreenExceptionList: SplashScreen checking exception for package com.alharith.ai (target sdk:35) -> false
10-10 19:31:20.369   525   538 W WindowManager: Exception thrown during dispatchAppVisibility Window{67e5e8 u0 com.alharith.ai/com.alharith.ai.ui.MainActivity EXITING}
10-10 19:31:21.177   525   883 V SplashScreenExceptionList: SplashScreen checking exception for package com.alharith.ai (target sdk:35) -> false
10-10 19:31:52.602   525  2122 W WindowManager: Exception thrown during dispatchAppVisibility Window{79501c2 u0 com.alharith.ai/com.alharith.ai.ui.MainActivity EXITING}
10-10 19:31:55.945   525   538 V SplashScreenExceptionList: SplashScreen checking exception for package com.alharith.ai (target sdk:35) -> false
10-10 19:32:23.516   525   602 W WindowManager: Exception thrown during dispatchAppVisibility Window{bab5934 u0 com.alharith.ai/com.alharith.ai.ui.MainActivity EXITING}
10-10 19:32:24.442   525  2123 V SplashScreenExceptionList: SplashScreen checking exception for package com.alharith.ai (target sdk:35) -> false
10-10 19:32:32.773   525  1439 W WindowManager: Exception thrown during dispatchAppVisibility Window{5034a96 u0 com.alharith.ai/com.alharith.ai.ui.MainActivity EXITING}
10-10 19:32:33.760   525  2123 V SplashScreenExceptionList: SplashScreen checking exception for package com.alharith.ai (target sdk:35) -> false
10-10 19:32:43.780   525  2114 W WindowManager: Exception thrown during dispatchAppVisibility Window{fef2875 u0 com.alharith.ai/com.alharith.ai.ui.MainActivity EXITING}
10-10 19:32:44.666   525  2439 V SplashScreenExceptionList: SplashScreen checking exception for package com.alharith.ai (target sdk:35) -> false
10-10 19:32:52.572   525  2066 W WindowManager: Exception thrown during dispatchAppVisibility Window{89e17c9 u0 com.alharith.ai/com.alharith.ai.ui.MainActivity EXITING}
10-10 19:33:09.199   525   598 V SplashScreenExceptionList: SplashScreen checking exception for package com.alharith.ai (target sdk:35) -> false
